// Jest Snapshot v1, https://goo.gl/fbAQLP

exports[`App component snapshot test 1`] = `
<div>
  <p>
    Hello David!
  </p>
  <div>
    <a
      href="/"
      onClick={[Function]}
    >
      This is the navbar with logo
    </a>
  </div>
</div>
`;
